// Jest Snapshot v1, https://goo.gl/fbAQLP

exports[`ensure <ChipGroup /> renders correctly 1`] = `
<View
  collapsable={false}
  pointerEvents="box-none"
  style={
    Object {
      "flex": 1,
    }
  }
>
  <RCTScrollView
    data={
      Array [
        Object {
          "color": "#673ab7",
          "name": "Attractions",
        },
        Object {
          "color": "#ff8f00",
          "name": "Shops",
        },
        Object {
          "color": "#43a047",
          "name": "Restaurants",
        },
        Object {
          "color": "#00acc1",
          "name": "Hotels",
        },
      ]
    }
    disableVirtualization={false}
    extraData={
      Set {
        "Shops",
      }
    }
    getItem={[Function]}
    getItemCount={[Function]}
    horizontal={true}
    initialNumToRender={10}
    keyExtractor={[Function]}
    maxToRenderPerBatch={10}
    onContentSizeChange={[Function]}
    onEndReachedThreshold={2}
    onLayout={[Function]}
    onMomentumScrollEnd={[Function]}
    onScroll={[Function]}
    onScrollBeginDrag={[Function]}
    onScrollEndDrag={[Function]}
    removeClippedSubviews={false}
    renderItem={[Function]}
    scrollEventThrottle={50}
    stickyHeaderIndices={Array []}
    updateCellsBatchingPeriod={50}
    viewabilityConfigCallbackPairs={Array []}
    windowSize={21}
  >
    <View>
      <View
        onLayout={[Function]}
        style={
          Array [
            Object {
              "flexDirection": "row",
            },
            null,
          ]
        }
      >
        <View
          style={
            Object {
              "backgroundColor": "#ffffff",
              "borderColor": "rgba(103, 58, 183, 0.29)",
              "borderRadius": 16,
              "borderStyle": "solid",
              "borderWidth": 0.5,
              "elevation": 0,
              "flexDirection": "row",
              "marginRight": 8,
            }
          }
        >
          <View
            accessibilityRole="button"
            accessibilityState={
              Object {
                "disabled": false,
                "selected": false,
              }
            }
            accessible={true}
            focusable={true}
            onClick={[Function]}
            onResponderGrant={[Function]}
            onResponderMove={[Function]}
            onResponderRelease={[Function]}
            onResponderTerminate={[Function]}
            onResponderTerminationRequest={[Function]}
            onStartShouldSetResponder={[Function]}
            style={
              Array [
                Object {
                  "overflow": "hidden",
                },
                Object {
                  "borderRadius": 16,
                },
              ]
            }
          >
            <View
              style={
                Array [
                  Object {
                    "alignItems": "center",
                    "flexDirection": "row",
                    "paddingLeft": 4,
                    "position": "relative",
                  },
                  Object {
                    "paddingRight": 4,
                  },
                ]
              }
            >
              <Text
                numberOfLines={1}
                selectable={false}
                style={
                  Array [
                    Object {
                      "color": "rgb(28, 28, 30)",
                      "fontFamily": "System",
                      "fontWeight": "400",
                    },
                    Object {
                      "textAlign": "left",
                    },
                    Array [
                      Object {
                        "lineHeight": 24,
                        "marginVertical": 4,
                        "minHeight": 24,
                        "textAlignVertical": "center",
                      },
                      Object {
                        "color": "rgba(103, 58, 183, 0.87)",
                        "fontFamily": "System",
                        "fontWeight": "400",
                        "marginLeft": 8,
                        "marginRight": 8,
                      },
                      undefined,
                    ],
                  ]
                }
              >
                Attractions
              </Text>
            </View>
          </View>
        </View>
      </View>
      <View
        onLayout={[Function]}
        style={
          Array [
            Object {
              "flexDirection": "row",
            },
            null,
          ]
        }
      >
        <View
          style={
            Object {
              "backgroundColor": "rgb(235, 235, 235)",
              "borderColor": "rgba(255, 143, 0, 0.29)",
              "borderRadius": 16,
              "borderStyle": "solid",
              "borderWidth": 0.5,
              "elevation": 0,
              "flexDirection": "row",
              "marginRight": 8,
            }
          }
        >
          <View
            accessibilityRole="button"
            accessibilityState={
              Object {
                "disabled": false,
                "selected": true,
              }
            }
            accessible={true}
            focusable={true}
            onClick={[Function]}
            onResponderGrant={[Function]}
            onResponderMove={[Function]}
            onResponderRelease={[Function]}
            onResponderTerminate={[Function]}
            onResponderTerminationRequest={[Function]}
            onStartShouldSetResponder={[Function]}
            style={
              Array [
                Object {
                  "overflow": "hidden",
                },
                Object {
                  "borderRadius": 16,
                },
              ]
            }
          >
            <View
              style={
                Array [
                  Object {
                    "alignItems": "center",
                    "flexDirection": "row",
                    "paddingLeft": 4,
                    "position": "relative",
                  },
                  Object {
                    "paddingRight": 4,
                  },
                ]
              }
            >
              <View
                style={
                  Array [
                    Object {
                      "alignSelf": "center",
                      "padding": 4,
                    },
                    null,
                  ]
                }
              >
                <Text />
              </View>
              <Text
                numberOfLines={1}
                selectable={false}
                style={
                  Array [
                    Object {
                      "color": "rgb(28, 28, 30)",
                      "fontFamily": "System",
                      "fontWeight": "400",
                    },
                    Object {
                      "textAlign": "left",
                    },
                    Array [
                      Object {
                        "lineHeight": 24,
                        "marginVertical": 4,
                        "minHeight": 24,
                        "textAlignVertical": "center",
                      },
                      Object {
                        "color": "rgba(255, 143, 0, 0.87)",
                        "fontFamily": "System",
                        "fontWeight": "400",
                        "marginLeft": 4,
                        "marginRight": 8,
                      },
                      undefined,
                    ],
                  ]
                }
              >
                Shops
              </Text>
            </View>
          </View>
        </View>
      </View>
      <View
        onLayout={[Function]}
        style={
          Array [
            Object {
              "flexDirection": "row",
            },
            null,
          ]
        }
      >
        <View
          style={
            Object {
              "backgroundColor": "#ffffff",
              "borderColor": "rgba(67, 160, 71, 0.29)",
              "borderRadius": 16,
              "borderStyle": "solid",
              "borderWidth": 0.5,
              "elevation": 0,
              "flexDirection": "row",
              "marginRight": 8,
            }
          }
        >
          <View
            accessibilityRole="button"
            accessibilityState={
              Object {
                "disabled": false,
                "selected": false,
              }
            }
            accessible={true}
            focusable={true}
            onClick={[Function]}
            onResponderGrant={[Function]}
            onResponderMove={[Function]}
            onResponderRelease={[Function]}
            onResponderTerminate={[Function]}
            onResponderTerminationRequest={[Function]}
            onStartShouldSetResponder={[Function]}
            style={
              Array [
                Object {
                  "overflow": "hidden",
                },
                Object {
                  "borderRadius": 16,
                },
              ]
            }
          >
            <View
              style={
                Array [
                  Object {
                    "alignItems": "center",
                    "flexDirection": "row",
                    "paddingLeft": 4,
                    "position": "relative",
                  },
                  Object {
                    "paddingRight": 4,
                  },
                ]
              }
            >
              <Text
                numberOfLines={1}
                selectable={false}
                style={
                  Array [
                    Object {
                      "color": "rgb(28, 28, 30)",
                      "fontFamily": "System",
                      "fontWeight": "400",
                    },
                    Object {
                      "textAlign": "left",
                    },
                    Array [
                      Object {
                        "lineHeight": 24,
                        "marginVertical": 4,
                        "minHeight": 24,
                        "textAlignVertical": "center",
                      },
                      Object {
                        "color": "rgba(67, 160, 71, 0.87)",
                        "fontFamily": "System",
                        "fontWeight": "400",
                        "marginLeft": 8,
                        "marginRight": 8,
                      },
                      undefined,
                    ],
                  ]
                }
              >
                Restaurants
              </Text>
            </View>
          </View>
        </View>
      </View>
      <View
        onLayout={[Function]}
        style={
          Array [
            Object {
              "flexDirection": "row",
            },
            null,
          ]
        }
      >
        <View
          style={
            Object {
              "backgroundColor": "#ffffff",
              "borderColor": "rgba(0, 172, 193, 0.29)",
              "borderRadius": 16,
              "borderStyle": "solid",
              "borderWidth": 0.5,
              "elevation": 0,
              "flexDirection": "row",
            }
          }
        >
          <View
            accessibilityRole="button"
            accessibilityState={
              Object {
                "disabled": false,
                "selected": false,
              }
            }
            accessible={true}
            focusable={true}
            onClick={[Function]}
            onResponderGrant={[Function]}
            onResponderMove={[Function]}
            onResponderRelease={[Function]}
            onResponderTerminate={[Function]}
            onResponderTerminationRequest={[Function]}
            onStartShouldSetResponder={[Function]}
            style={
              Array [
                Object {
                  "overflow": "hidden",
                },
                Object {
                  "borderRadius": 16,
                },
              ]
            }
          >
            <View
              style={
                Array [
                  Object {
                    "alignItems": "center",
                    "flexDirection": "row",
                    "paddingLeft": 4,
                    "position": "relative",
                  },
                  Object {
                    "paddingRight": 4,
                  },
                ]
              }
            >
              <Text
                numberOfLines={1}
                selectable={false}
                style={
                  Array [
                    Object {
                      "color": "rgb(28, 28, 30)",
                      "fontFamily": "System",
                      "fontWeight": "400",
                    },
                    Object {
                      "textAlign": "left",
                    },
                    Array [
                      Object {
                        "lineHeight": 24,
                        "marginVertical": 4,
                        "minHeight": 24,
                        "textAlignVertical": "center",
                      },
                      Object {
                        "color": "rgba(0, 172, 193, 0.87)",
                        "fontFamily": "System",
                        "fontWeight": "400",
                        "marginLeft": 8,
                        "marginRight": 8,
                      },
                      undefined,
                    ],
                  ]
                }
              >
                Hotels
              </Text>
            </View>
          </View>
        </View>
      </View>
    </View>
  </RCTScrollView>
</View>
`;
